Lorem ipsum dolor sit amet, consectetur adipiscing elit. Cras at vehicula urna, vitae fermentum mauris. Aenean consectetur lectus ligula, vitae finibus lectus pretium eu. Morbi nec mauris purus. Sed ut dictum magna, in luctus turpis. Nam sagittis in eros quis aliquam. Etiam quis semper purus. Cras eget neque quis dui rhoncus tempus. Quisque vehicula eget sapien ac mattis.

Cras suscipit consequat sem, in hendrerit velit sagittis ut. Sed vitae nisl ligula. Morbi molestie sed sem quis condimentum. Fusce interdum rhoncus urna, vitae aliquam orci feugiat ut. Phasellus sollicitudin sagittis aliquam. Maecenas vitae erat nibh. Nam vel turpis dui. Mauris gravida leo aliquam, feugiat nisl in, facilisis erat. Morbi sed nunc elit. In nec felis mauris.

Etiam at eros id nulla interdum rhoncus eget eu orci. Etiam pulvinar vulputate dapibus. Nunc iaculis arcu sit amet lorem posuere maximus nec quis dolor. Donec aliquet diam luctus, luctus justo a, laoreet dolor. Fusce volutpat justo a metus tristique aliquam. Pellentesque maximus libero quam, a posuere justo consequat id. Nunc vel laoreet ipsum. Curabitur malesuada sodales leo vel laoreet. Integer in hendrerit eros, sit amet fermentum justo. Suspendisse in libero iaculis, dictum libero nec, convallis turpis. Aliquam erat volutpat. Phasellus condimentum imperdiet scelerisque.

Donec facilisis lorem at vehicula semper. Vivamus malesuada nulla nulla, et placerat orci dapibus at. Quisque commodo viverra varius. Sed et semper urna. Etiam laoreet est massa, a tempor libero pulvinar in. Vestibulum ac est lectus. Praesent interdum finibus pretium. Donec quis turpis et est tincidunt aliquet. Nunc tempor dolor ac volutpat mollis. Morbi egestas elementum turpis, eget posuere felis commodo sed.

Nunc posuere sollicitudin aliquet. In feugiat vel leo et porta. Pellentesque commodo tempus purus, quis ultrices neque lobortis at. Proin finibus nunc massa, nec vulputate dui molestie ac. In porttitor ac lorem eu viverra. Aliquam eu dignissim nulla. Integer auctor augue non tellus efficitur vestibulum. In sed condimentum orci. Aenean imperdiet enim in malesuada condimentum. Morbi tincidunt ante ligula, nec mattis sapien congue in.
